{"level":"info","message":"Property model initialized with: {\"id\":{\"type\":{\"options\":{}},\"autoIncrement\":true,\"primaryKey\":true,\"fieldName\":\"id\",\"_modelAttribute\":true,\"field\":\"id\"},\"first_name\":{\"type\":{\"options\":{\"length\":100},\"_length\":100},\"allowNull\":true,\"fieldName\":\"first_name\",\"_modelAttribute\":true,\"field\":\"first_name\"},\"last_name\":{\"type\":{\"options\":{\"length\":100},\"_length\":100},\"allowNull\":true,\"fieldName\":\"last_name\",\"_modelAttribute\":true,\"field\":\"last_name\"},\"property_address\":{\"type\":{\"options\":{\"length\":255},\"_length\":255},\"allowNull\":false,\"validate\":{\"notEmpty\":true},\"fieldName\":\"property_address\",\"_modelAttribute\":true,\"field\":\"property_address\"},\"property_city\":{\"type\":{\"options\":{\"length\":100},\"_length\":100},\"allowNull\":false,\"validate\":{\"notEmpty\":true},\"fieldName\":\"property_city\",\"_modelAttribute\":true,\"field\":\"property_city\"},\"property_state\":{\"type\":{\"options\":{\"length\":2},\"_length\":2},\"allowNull\":false,\"validate\":{\"notEmpty\":true,\"isUppercase\":true,\"isIn\":[[\"AL\",\"AK\",\"AZ\",\"AR\",\"CA\",\"CO\",\"CT\",\"DE\",\"FL\",\"GA\",\"HI\",\"ID\",\"IL\",\"IN\",\"IA\",\"KS\",\"KY\",\"LA\",\"ME\",\"MD\",\"MA\",\"MI\",\"MN\",\"MS\",\"MO\",\"MT\",\"NE\",\"NV\",\"NH\",\"NJ\",\"NM\",\"NY\",\"NC\",\"ND\",\"OH\",\"OK\",\"OR\",\"PA\",\"RI\",\"SC\",\"SD\",\"TN\",\"TX\",\"UT\",\"VT\",\"VA\",\"WA\",\"WV\",\"WI\",\"WY\",\"DC\",\"PR\",\"VI\",\"AA\",\"AE\",\"AP\"]]},\"fieldName\":\"property_state\",\"_modelAttribute\":true,\"field\":\"property_state\"},\"property_zip\":{\"type\":{\"options\":{\"length\":10},\"_length\":10},\"allowNull\":false,\"validate\":{\"notEmpty\":true,\"is\":{}},\"fieldName\":\"property_zip\",\"_modelAttribute\":true,\"field\":\"property_zip\"},\"offer\":{\"type\":{\"options\":{\"precision\":12,\"scale\":2},\"_precision\":12,\"_scale\":2},\"allowNull\":false,\"validate\":{\"isDecimal\":true,\"min\":0},\"fieldName\":\"offer\",\"_modelAttribute\":true,\"field\":\"offer\"},\"created_at\":{\"type\":{\"options\":{},\"_length\":\"\"},\"allowNull\":false,\"defaultValue\":{},\"fieldName\":\"created_at\",\"_modelAttribute\":true,\"field\":\"created_at\"},\"updated_at\":{\"type\":{\"options\":{},\"_length\":\"\"},\"allowNull\":false,\"defaultValue\":{},\"fieldName\":\"updated_at\",\"_modelAttribute\":true,\"field\":\"updated_at\"}}","timestamp":"2025-04-01T12:25:13.476Z"}
{"level":"info","message":"Server running on port 3001","timestamp":"2025-04-01T12:25:14.743Z"}
{"level":"info","message":"Connected to Redis","timestamp":"2025-04-01T12:25:14.755Z"}
{"level":"info","message":"Database connection has been established successfully.","timestamp":"2025-04-01T12:25:14.874Z"}
{"level":"info","message":"GET /","timestamp":"2025-04-01T12:29:47.223Z"}
{"level":"info","message":"GET /static/js/main.bd91ecde.js","timestamp":"2025-04-01T12:29:47.524Z"}
{"level":"info","message":"GET /static/css/main.e6c13ad2.css","timestamp":"2025-04-01T12:29:47.559Z"}
{"level":"info","message":"GET /api/properties?page=1&limit=20","timestamp":"2025-04-01T12:29:48.518Z"}
{"error":"jwt expired","level":"warn","message":"Token verification failed","timestamp":"2025-04-01T12:29:48.527Z"}
{"level":"info","message":"GET /api/stats/system","timestamp":"2025-04-01T12:31:16.231Z"}
{"error":"jwt expired","level":"warn","message":"Token verification failed","timestamp":"2025-04-01T12:31:16.236Z"}
{"level":"info","message":"GET /api/stats/system","timestamp":"2025-04-01T12:31:16.333Z"}
{"error":"jwt expired","level":"warn","message":"Token verification failed","timestamp":"2025-04-01T12:31:16.338Z"}
{"level":"info","message":"GET /api/stats/system","timestamp":"2025-04-01T12:31:16.390Z"}
{"error":"jwt expired","level":"warn","message":"Token verification failed","timestamp":"2025-04-01T12:31:16.393Z"}
{"level":"info","message":"GET /api/stats/system","timestamp":"2025-04-01T12:31:16.440Z"}
{"error":"jwt expired","level":"warn","message":"Token verification failed","timestamp":"2025-04-01T12:31:16.443Z"}
{"level":"info","message":"GET /api/stats/system","timestamp":"2025-04-01T12:31:16.474Z"}
{"error":"jwt expired","level":"warn","message":"Token verification failed","timestamp":"2025-04-01T12:31:16.477Z"}
{"level":"info","message":"GET /api/stats/system","timestamp":"2025-04-01T12:31:16.610Z"}
{"error":"jwt expired","level":"warn","message":"Token verification failed","timestamp":"2025-04-01T12:31:16.614Z"}
{"level":"info","message":"GET /api/stats/system","timestamp":"2025-04-01T12:31:16.640Z"}
{"error":"jwt expired","level":"warn","message":"Token verification failed","timestamp":"2025-04-01T12:31:16.643Z"}
{"level":"info","message":"GET /api/stats/system","timestamp":"2025-04-01T12:31:16.672Z"}
{"error":"jwt expired","level":"warn","message":"Token verification failed","timestamp":"2025-04-01T12:31:16.674Z"}
{"level":"info","message":"GET /api/stats/system","timestamp":"2025-04-01T12:31:16.695Z"}
{"error":"jwt expired","level":"warn","message":"Token verification failed","timestamp":"2025-04-01T12:31:16.698Z"}
{"level":"info","message":"GET /api/stats/system","timestamp":"2025-04-01T12:31:16.714Z"}
{"error":"jwt expired","level":"warn","message":"Token verification failed","timestamp":"2025-04-01T12:31:16.717Z"}
{"level":"info","message":"GET /api/stats/system","timestamp":"2025-04-01T12:31:16.731Z"}
{"error":"jwt expired","level":"warn","message":"Token verification failed","timestamp":"2025-04-01T12:31:16.733Z"}
{"level":"info","message":"GET /api/stats/system","timestamp":"2025-04-01T12:31:16.749Z"}
{"error":"jwt expired","level":"warn","message":"Token verification failed","timestamp":"2025-04-01T12:31:16.751Z"}
{"level":"info","message":"GET /api/stats/system","timestamp":"2025-04-01T12:31:16.766Z"}
{"error":"jwt expired","level":"warn","message":"Token verification failed","timestamp":"2025-04-01T12:31:16.768Z"}
{"level":"info","message":"GET /api/stats/system","timestamp":"2025-04-01T12:31:16.789Z"}
{"error":"jwt expired","level":"warn","message":"Token verification failed","timestamp":"2025-04-01T12:31:16.790Z"}
{"level":"info","message":"GET /api/stats/system","timestamp":"2025-04-01T12:31:16.806Z"}
{"error":"jwt expired","level":"warn","message":"Token verification failed","timestamp":"2025-04-01T12:31:16.809Z"}
{"level":"info","message":"GET /api/stats/system","timestamp":"2025-04-01T12:31:16.831Z"}
{"error":"jwt expired","level":"warn","message":"Token verification failed","timestamp":"2025-04-01T12:31:16.833Z"}
{"level":"info","message":"GET /api/stats/system","timestamp":"2025-04-01T12:31:16.848Z"}
{"error":"jwt expired","level":"warn","message":"Token verification failed","timestamp":"2025-04-01T12:31:16.850Z"}
{"level":"info","message":"GET /api/stats/system","timestamp":"2025-04-01T12:31:16.865Z"}
{"error":"jwt expired","level":"warn","message":"Token verification failed","timestamp":"2025-04-01T12:31:16.867Z"}
{"level":"info","message":"GET /api/stats/system","timestamp":"2025-04-01T12:31:16.888Z"}
{"error":"jwt expired","level":"warn","message":"Token verification failed","timestamp":"2025-04-01T12:31:16.890Z"}
{"level":"info","message":"GET /api/stats/system","timestamp":"2025-04-01T12:31:16.904Z"}
{"error":"jwt expired","level":"warn","message":"Token verification failed","timestamp":"2025-04-01T12:31:16.906Z"}
{"level":"info","message":"GET /api/stats/system","timestamp":"2025-04-01T12:31:16.921Z"}
{"error":"jwt expired","level":"warn","message":"Token verification failed","timestamp":"2025-04-01T12:31:16.924Z"}
{"level":"info","message":"GET /api/stats/system","timestamp":"2025-04-01T12:31:16.938Z"}
{"error":"jwt expired","level":"warn","message":"Token verification failed","timestamp":"2025-04-01T12:31:16.941Z"}
{"level":"info","message":"GET /api/stats/system","timestamp":"2025-04-01T12:31:16.971Z"}
{"error":"jwt expired","level":"warn","message":"Token verification failed","timestamp":"2025-04-01T12:31:16.973Z"}
{"level":"info","message":"GET /api/stats/system","timestamp":"2025-04-01T12:31:17.037Z"}
{"error":"jwt expired","level":"warn","message":"Token verification failed","timestamp":"2025-04-01T12:31:17.038Z"}
{"level":"info","message":"GET /api/stats/system","timestamp":"2025-04-01T12:31:17.051Z"}
{"error":"jwt expired","level":"warn","message":"Token verification failed","timestamp":"2025-04-01T12:31:17.053Z"}
{"level":"info","message":"GET /api/stats/system","timestamp":"2025-04-01T12:31:17.067Z"}
{"error":"jwt expired","level":"warn","message":"Token verification failed","timestamp":"2025-04-01T12:31:17.069Z"}
{"level":"info","message":"GET /api/stats/system","timestamp":"2025-04-01T12:31:17.087Z"}
{"error":"jwt expired","level":"warn","message":"Token verification failed","timestamp":"2025-04-01T12:31:17.090Z"}
{"level":"info","message":"GET /api/stats/system","timestamp":"2025-04-01T12:31:17.121Z"}
{"error":"jwt expired","level":"warn","message":"Token verification failed","timestamp":"2025-04-01T12:31:17.123Z"}
{"level":"info","message":"GET /api/stats/system","timestamp":"2025-04-01T12:31:17.153Z"}
{"error":"jwt expired","level":"warn","message":"Token verification failed","timestamp":"2025-04-01T12:31:17.156Z"}
{"level":"info","message":"GET /api/stats/system","timestamp":"2025-04-01T12:31:17.276Z"}
{"error":"jwt expired","level":"warn","message":"Token verification failed","timestamp":"2025-04-01T12:31:17.283Z"}
{"level":"info","message":"GET /api/stats/system","timestamp":"2025-04-01T12:31:17.322Z"}
{"error":"jwt expired","level":"warn","message":"Token verification failed","timestamp":"2025-04-01T12:31:17.324Z"}
{"level":"info","message":"GET /api/stats/system","timestamp":"2025-04-01T12:31:17.348Z"}
{"error":"jwt expired","level":"warn","message":"Token verification failed","timestamp":"2025-04-01T12:31:17.351Z"}
{"level":"info","message":"GET /api/stats/system","timestamp":"2025-04-01T12:31:17.373Z"}
{"error":"jwt expired","level":"warn","message":"Token verification failed","timestamp":"2025-04-01T12:31:17.375Z"}
{"level":"info","message":"GET /api/stats/system","timestamp":"2025-04-01T12:31:17.404Z"}
{"error":"jwt expired","level":"warn","message":"Token verification failed","timestamp":"2025-04-01T12:31:17.407Z"}
{"level":"info","message":"GET /api/stats/system","timestamp":"2025-04-01T12:31:17.424Z"}
{"error":"jwt expired","level":"warn","message":"Token verification failed","timestamp":"2025-04-01T12:31:17.426Z"}
{"level":"info","message":"GET /api/stats/system","timestamp":"2025-04-01T12:31:17.440Z"}
{"error":"jwt expired","level":"warn","message":"Token verification failed","timestamp":"2025-04-01T12:31:17.443Z"}
{"level":"info","message":"GET /api/stats/system","timestamp":"2025-04-01T12:31:17.454Z"}
{"error":"jwt expired","level":"warn","message":"Token verification failed","timestamp":"2025-04-01T12:31:17.458Z"}
{"level":"info","message":"GET /api/stats/system","timestamp":"2025-04-01T12:31:17.475Z"}
{"error":"jwt expired","level":"warn","message":"Token verification failed","timestamp":"2025-04-01T12:31:17.479Z"}
{"level":"info","message":"GET /api/stats/system","timestamp":"2025-04-01T12:31:17.501Z"}
{"error":"jwt expired","level":"warn","message":"Token verification failed","timestamp":"2025-04-01T12:31:17.504Z"}
{"level":"info","message":"GET /api/stats/system","timestamp":"2025-04-01T12:31:17.510Z"}
{"error":"jwt expired","level":"warn","message":"Token verification failed","timestamp":"2025-04-01T12:31:17.515Z"}
{"level":"info","message":"GET /api/stats/system","timestamp":"2025-04-01T12:31:17.538Z"}
{"error":"jwt expired","level":"warn","message":"Token verification failed","timestamp":"2025-04-01T12:31:17.541Z"}
{"level":"info","message":"GET /api/stats/system","timestamp":"2025-04-01T12:31:17.568Z"}
{"error":"jwt expired","level":"warn","message":"Token verification failed","timestamp":"2025-04-01T12:31:17.571Z"}
{"level":"info","message":"GET /api/stats/system","timestamp":"2025-04-01T12:31:17.587Z"}
{"error":"jwt expired","level":"warn","message":"Token verification failed","timestamp":"2025-04-01T12:31:17.589Z"}
{"level":"info","message":"GET /api/stats/system","timestamp":"2025-04-01T12:31:17.601Z"}
{"error":"jwt expired","level":"warn","message":"Token verification failed","timestamp":"2025-04-01T12:31:17.603Z"}
{"level":"info","message":"GET /api/stats/system","timestamp":"2025-04-01T12:31:17.623Z"}
{"error":"jwt expired","level":"warn","message":"Token verification failed","timestamp":"2025-04-01T12:31:17.626Z"}
{"level":"info","message":"GET /api/stats/system","timestamp":"2025-04-01T12:31:17.641Z"}
{"error":"jwt expired","level":"warn","message":"Token verification failed","timestamp":"2025-04-01T12:31:17.645Z"}
{"level":"info","message":"GET /api/stats/system","timestamp":"2025-04-01T12:31:17.662Z"}
{"error":"jwt expired","level":"warn","message":"Token verification failed","timestamp":"2025-04-01T12:31:17.667Z"}
{"level":"info","message":"GET /api/stats/system","timestamp":"2025-04-01T12:31:17.679Z"}
{"error":"jwt expired","level":"warn","message":"Token verification failed","timestamp":"2025-04-01T12:31:17.684Z"}
{"level":"info","message":"GET /api/stats/system","timestamp":"2025-04-01T12:31:17.688Z"}
{"error":"jwt expired","level":"warn","message":"Token verification failed","timestamp":"2025-04-01T12:31:17.691Z"}
{"level":"info","message":"GET /api/stats/system","timestamp":"2025-04-01T12:31:17.705Z"}
{"error":"jwt expired","level":"warn","message":"Token verification failed","timestamp":"2025-04-01T12:31:17.708Z"}
{"level":"info","message":"GET /api/stats/system","timestamp":"2025-04-01T12:31:17.713Z"}
{"error":"jwt expired","level":"warn","message":"Token verification failed","timestamp":"2025-04-01T12:31:17.719Z"}
{"level":"info","message":"GET /api/stats/system","timestamp":"2025-04-01T12:31:17.734Z"}
{"error":"jwt expired","level":"warn","message":"Token verification failed","timestamp":"2025-04-01T12:31:17.736Z"}
{"level":"info","message":"GET /api/stats/system","timestamp":"2025-04-01T12:31:17.744Z"}
{"error":"jwt expired","level":"warn","message":"Token verification failed","timestamp":"2025-04-01T12:31:17.748Z"}
{"level":"info","message":"GET /api/stats/system","timestamp":"2025-04-01T12:31:17.763Z"}
{"error":"jwt expired","level":"warn","message":"Token verification failed","timestamp":"2025-04-01T12:31:17.767Z"}
{"level":"info","message":"GET /api/stats/system","timestamp":"2025-04-01T12:31:17.778Z"}
{"error":"jwt expired","level":"warn","message":"Token verification failed","timestamp":"2025-04-01T12:31:17.783Z"}
{"level":"info","message":"GET /api/stats/system","timestamp":"2025-04-01T12:31:17.792Z"}
{"error":"jwt expired","level":"warn","message":"Token verification failed","timestamp":"2025-04-01T12:31:17.795Z"}
{"level":"info","message":"GET /api/stats/system","timestamp":"2025-04-01T12:31:17.842Z"}
{"error":"jwt expired","level":"warn","message":"Token verification failed","timestamp":"2025-04-01T12:31:17.845Z"}
{"level":"info","message":"GET /api/stats/system","timestamp":"2025-04-01T12:31:17.878Z"}
{"error":"jwt expired","level":"warn","message":"Token verification failed","timestamp":"2025-04-01T12:31:17.881Z"}
{"level":"info","message":"GET /api/stats/system","timestamp":"2025-04-01T12:31:17.904Z"}
{"error":"jwt expired","level":"warn","message":"Token verification failed","timestamp":"2025-04-01T12:31:17.906Z"}
{"level":"info","message":"GET /api/stats/system","timestamp":"2025-04-01T12:31:17.928Z"}
{"error":"jwt expired","level":"warn","message":"Token verification failed","timestamp":"2025-04-01T12:31:17.932Z"}
{"level":"info","message":"GET /api/stats/system","timestamp":"2025-04-01T12:31:17.952Z"}
{"error":"jwt expired","level":"warn","message":"Token verification failed","timestamp":"2025-04-01T12:31:17.955Z"}
{"level":"info","message":"GET /api/stats/system","timestamp":"2025-04-01T12:31:17.968Z"}
{"error":"jwt expired","level":"warn","message":"Token verification failed","timestamp":"2025-04-01T12:31:17.971Z"}
{"level":"info","message":"GET /api/stats/system","timestamp":"2025-04-01T12:31:17.985Z"}
{"error":"jwt expired","level":"warn","message":"Token verification failed","timestamp":"2025-04-01T12:31:17.989Z"}
{"level":"info","message":"GET /api/stats/system","timestamp":"2025-04-01T12:31:18.005Z"}
{"error":"jwt expired","level":"warn","message":"Token verification failed","timestamp":"2025-04-01T12:31:18.007Z"}
{"level":"info","message":"GET /api/stats/system","timestamp":"2025-04-01T12:31:18.015Z"}
{"error":"jwt expired","level":"warn","message":"Token verification failed","timestamp":"2025-04-01T12:31:18.018Z"}
{"level":"info","message":"GET /api/stats/system","timestamp":"2025-04-01T12:31:18.028Z"}
{"error":"jwt expired","level":"warn","message":"Token verification failed","timestamp":"2025-04-01T12:31:18.032Z"}
{"level":"info","message":"GET /api/stats/system","timestamp":"2025-04-01T12:31:18.040Z"}
{"error":"jwt expired","level":"warn","message":"Token verification failed","timestamp":"2025-04-01T12:31:18.043Z"}
{"level":"info","message":"GET /api/stats/system","timestamp":"2025-04-01T12:31:18.056Z"}
{"error":"jwt expired","level":"warn","message":"Token verification failed","timestamp":"2025-04-01T12:31:18.058Z"}
{"level":"info","message":"GET /api/stats/system","timestamp":"2025-04-01T12:31:18.071Z"}
{"error":"jwt expired","level":"warn","message":"Token verification failed","timestamp":"2025-04-01T12:31:18.073Z"}
{"level":"info","message":"GET /api/stats/system","timestamp":"2025-04-01T12:31:18.092Z"}
{"error":"jwt expired","level":"warn","message":"Token verification failed","timestamp":"2025-04-01T12:31:18.095Z"}
{"level":"info","message":"GET /api/stats/system","timestamp":"2025-04-01T12:31:18.121Z"}
{"error":"jwt expired","level":"warn","message":"Token verification failed","timestamp":"2025-04-01T12:31:18.124Z"}
{"level":"info","message":"GET /api/stats/system","timestamp":"2025-04-01T12:31:18.138Z"}
{"error":"jwt expired","level":"warn","message":"Token verification failed","timestamp":"2025-04-01T12:31:18.141Z"}
{"level":"info","message":"GET /api/stats/system","timestamp":"2025-04-01T12:31:18.151Z"}
{"error":"jwt expired","level":"warn","message":"Token verification failed","timestamp":"2025-04-01T12:31:18.156Z"}
{"level":"info","message":"GET /api/stats/system","timestamp":"2025-04-01T12:31:18.169Z"}
{"error":"jwt expired","level":"warn","message":"Token verification failed","timestamp":"2025-04-01T12:31:18.171Z"}
{"level":"info","message":"GET /api/stats/system","timestamp":"2025-04-01T12:31:18.179Z"}
{"error":"jwt expired","level":"warn","message":"Token verification failed","timestamp":"2025-04-01T12:31:18.183Z"}
{"level":"info","message":"GET /api/stats/system","timestamp":"2025-04-01T12:31:18.189Z"}
{"error":"jwt expired","level":"warn","message":"Token verification failed","timestamp":"2025-04-01T12:31:18.191Z"}
{"level":"info","message":"GET /api/stats/system","timestamp":"2025-04-01T12:31:18.201Z"}
{"error":"jwt expired","level":"warn","message":"Token verification failed","timestamp":"2025-04-01T12:31:18.203Z"}
{"level":"info","message":"GET /api/stats/system","timestamp":"2025-04-01T12:31:18.211Z"}
{"error":"jwt expired","level":"warn","message":"Token verification failed","timestamp":"2025-04-01T12:31:18.216Z"}
{"level":"info","message":"GET /api/stats/system","timestamp":"2025-04-01T12:31:18.223Z"}
{"error":"jwt expired","level":"warn","message":"Token verification failed","timestamp":"2025-04-01T12:31:18.225Z"}
{"level":"info","message":"GET /api/stats/system","timestamp":"2025-04-01T12:31:18.236Z"}
{"error":"jwt expired","level":"warn","message":"Token verification failed","timestamp":"2025-04-01T12:31:18.238Z"}
{"level":"info","message":"GET /api/stats/system","timestamp":"2025-04-01T12:31:18.247Z"}
{"error":"jwt expired","level":"warn","message":"Token verification failed","timestamp":"2025-04-01T12:31:18.250Z"}
{"level":"info","message":"GET /api/stats/system","timestamp":"2025-04-01T12:31:18.267Z"}
{"error":"jwt expired","level":"warn","message":"Token verification failed","timestamp":"2025-04-01T12:31:18.268Z"}
{"level":"info","message":"GET /api/stats/system","timestamp":"2025-04-01T12:31:18.282Z"}
{"error":"jwt expired","level":"warn","message":"Token verification failed","timestamp":"2025-04-01T12:31:18.284Z"}
{"level":"info","message":"GET /api/stats/system","timestamp":"2025-04-01T12:31:18.304Z"}
{"error":"jwt expired","level":"warn","message":"Token verification failed","timestamp":"2025-04-01T12:31:18.306Z"}
{"level":"info","message":"GET /api/stats/system","timestamp":"2025-04-01T12:31:18.323Z"}
{"error":"jwt expired","level":"warn","message":"Token verification failed","timestamp":"2025-04-01T12:31:18.325Z"}
{"level":"info","message":"GET /api/stats/system","timestamp":"2025-04-01T12:31:18.343Z"}
{"error":"jwt expired","level":"warn","message":"Token verification failed","timestamp":"2025-04-01T12:31:18.347Z"}
{"level":"info","message":"GET /api/stats/system","timestamp":"2025-04-01T12:31:18.358Z"}
{"error":"jwt expired","level":"warn","message":"Token verification failed","timestamp":"2025-04-01T12:31:18.361Z"}
{"level":"info","message":"GET /api/stats/system","timestamp":"2025-04-01T12:31:18.377Z"}
{"error":"jwt expired","level":"warn","message":"Token verification failed","timestamp":"2025-04-01T12:31:18.381Z"}
{"level":"info","message":"GET /api/stats/system","timestamp":"2025-04-01T12:31:18.410Z"}
{"error":"jwt expired","level":"warn","message":"Token verification failed","timestamp":"2025-04-01T12:31:18.414Z"}
{"level":"info","message":"GET /api/stats/system","timestamp":"2025-04-01T12:31:18.473Z"}
{"error":"jwt expired","level":"warn","message":"Token verification failed","timestamp":"2025-04-01T12:31:18.476Z"}
{"level":"info","message":"GET /api/stats/system","timestamp":"2025-04-01T12:31:18.503Z"}
{"error":"jwt expired","level":"warn","message":"Token verification failed","timestamp":"2025-04-01T12:31:18.507Z"}
{"level":"info","message":"GET /api/stats/system","timestamp":"2025-04-01T12:31:18.532Z"}
{"error":"jwt expired","level":"warn","message":"Token verification failed","timestamp":"2025-04-01T12:31:18.535Z"}
{"level":"info","message":"GET /api/stats/system","timestamp":"2025-04-01T12:31:18.560Z"}
{"error":"jwt expired","level":"warn","message":"Token verification failed","timestamp":"2025-04-01T12:31:18.563Z"}
{"level":"info","message":"GET /api/stats/system","timestamp":"2025-04-01T12:31:18.595Z"}
{"error":"jwt expired","level":"warn","message":"Token verification failed","timestamp":"2025-04-01T12:31:18.602Z"}
{"level":"info","message":"GET /api/stats/system","timestamp":"2025-04-01T12:31:18.616Z"}
{"error":"jwt expired","level":"warn","message":"Token verification failed","timestamp":"2025-04-01T12:31:18.620Z"}
{"level":"info","message":"GET /api/stats/system","timestamp":"2025-04-01T12:31:18.627Z"}
{"error":"jwt expired","level":"warn","message":"Token verification failed","timestamp":"2025-04-01T12:31:18.634Z"}
{"level":"info","message":"Property model initialized with: {\"id\":{\"type\":{\"options\":{}},\"autoIncrement\":true,\"primaryKey\":true,\"fieldName\":\"id\",\"_modelAttribute\":true,\"field\":\"id\"},\"first_name\":{\"type\":{\"options\":{\"length\":100},\"_length\":100},\"allowNull\":true,\"fieldName\":\"first_name\",\"_modelAttribute\":true,\"field\":\"first_name\"},\"last_name\":{\"type\":{\"options\":{\"length\":100},\"_length\":100},\"allowNull\":true,\"fieldName\":\"last_name\",\"_modelAttribute\":true,\"field\":\"last_name\"},\"property_address\":{\"type\":{\"options\":{\"length\":255},\"_length\":255},\"allowNull\":false,\"validate\":{\"notEmpty\":true},\"fieldName\":\"property_address\",\"_modelAttribute\":true,\"field\":\"property_address\"},\"property_city\":{\"type\":{\"options\":{\"length\":100},\"_length\":100},\"allowNull\":false,\"validate\":{\"notEmpty\":true},\"fieldName\":\"property_city\",\"_modelAttribute\":true,\"field\":\"property_city\"},\"property_state\":{\"type\":{\"options\":{\"length\":2},\"_length\":2},\"allowNull\":false,\"validate\":{\"notEmpty\":true,\"isUppercase\":true,\"isIn\":[[\"AL\",\"AK\",\"AZ\",\"AR\",\"CA\",\"CO\",\"CT\",\"DE\",\"FL\",\"GA\",\"HI\",\"ID\",\"IL\",\"IN\",\"IA\",\"KS\",\"KY\",\"LA\",\"ME\",\"MD\",\"MA\",\"MI\",\"MN\",\"MS\",\"MO\",\"MT\",\"NE\",\"NV\",\"NH\",\"NJ\",\"NM\",\"NY\",\"NC\",\"ND\",\"OH\",\"OK\",\"OR\",\"PA\",\"RI\",\"SC\",\"SD\",\"TN\",\"TX\",\"UT\",\"VT\",\"VA\",\"WA\",\"WV\",\"WI\",\"WY\",\"DC\",\"PR\",\"VI\",\"AA\",\"AE\",\"AP\"]]},\"fieldName\":\"property_state\",\"_modelAttribute\":true,\"field\":\"property_state\"},\"property_zip\":{\"type\":{\"options\":{\"length\":10},\"_length\":10},\"allowNull\":false,\"validate\":{\"notEmpty\":true,\"is\":{}},\"fieldName\":\"property_zip\",\"_modelAttribute\":true,\"field\":\"property_zip\"},\"offer\":{\"type\":{\"options\":{\"precision\":12,\"scale\":2},\"_precision\":12,\"_scale\":2},\"allowNull\":false,\"validate\":{\"isDecimal\":true,\"min\":0},\"fieldName\":\"offer\",\"_modelAttribute\":true,\"field\":\"offer\"},\"created_at\":{\"type\":{\"options\":{},\"_length\":\"\"},\"allowNull\":false,\"defaultValue\":{},\"fieldName\":\"created_at\",\"_modelAttribute\":true,\"field\":\"created_at\"},\"updated_at\":{\"type\":{\"options\":{},\"_length\":\"\"},\"allowNull\":false,\"defaultValue\":{},\"fieldName\":\"updated_at\",\"_modelAttribute\":true,\"field\":\"updated_at\"}}","timestamp":"2025-04-01T12:41:51.655Z"}
{"level":"info","message":"Server running on port 3001","timestamp":"2025-04-01T12:41:52.766Z"}
{"level":"info","message":"Connected to Redis","timestamp":"2025-04-01T12:41:52.782Z"}
{"level":"info","message":"Database connection has been established successfully.","timestamp":"2025-04-01T12:41:52.851Z"}
{"level":"info","message":"GET /search","timestamp":"2025-04-01T12:44:31.641Z"}
{"level":"info","message":"GET /static/js/main.bd91ecde.js","timestamp":"2025-04-01T12:44:31.813Z"}
{"level":"info","message":"GET /static/css/main.e6c13ad2.css","timestamp":"2025-04-01T12:44:31.829Z"}
{"level":"info","message":"GET /api/properties?page=1&limit=20","timestamp":"2025-04-01T12:44:32.110Z"}
{"level":"info","message":"[PropertyController] getAllProperties result: {\"rows\":[{\"id\":1,\"first_name\":\"Sauron\",\"last_name\":\"The Dark Lord\",\"property_address\":\"Barad-dûr\",\"property_city\":\"Mordor\",\"property_state\":\"HI\",\"property_zip\":\"66666\",\"offer\":\"9999999.00\",\"created_at\":\"2025-04-01T12:41:47.740Z\",\"updated_at\":\"2025-04-01T12:41:47.740Z\"},{\"id\":2,\"first_name\":\"Frodo\",\"last_name\":\"Baggins\",\"property_address\":\"Bag End\",\"property_city\":\"The Shire\",\"property_state\":\"NY\",\"property_zip\":\"12345\",\"offer\":\"500.00\",\"created_at\":\"2025-04-01T12:41:47.740Z\",\"updated_at\":\"2025-04-01T12:41:47.740Z\"},{\"id\":3,\"first_name\":\"Aragorn\",\"last_name\":\"Son of Arathorn\",\"property_address\":\"The Citadel\",\"property_city\":\"Minas Tirith\",\"property_state\":\"NY\",\"property_zip\":\"56789\",\"offer\":\"750000.00\",\"created_at\":\"2025-04-01T12:41:47.740Z\",\"updated_at\":\"2025-04-01T12:41:47.740Z\"},{\"id\":4,\"first_name\":\"Gandalf\",\"last_name\":\"The Grey\",\"property_address\":\"Orthanc Tower\",\"property_city\":\"Isengard\",\"property_state\":\"NY\",\"property_zip\":\"11111\",\"offer\":\"1000000.00\",\"created_at\":\"2025-04-01T12:41:47.740Z\",\"updated_at\":\"2025-04-01T12:41:47.740Z\"},{\"id\":5,\"first_name\":\"Legolas\",\"last_name\":\"Greenleaf\",\"property_address\":\"Thranduil’s Halls\",\"property_city\":\"Mirkwood\",\"property_state\":\"NY\",\"property_zip\":\"22222\",\"offer\":\"350000.00\",\"created_at\":\"2025-04-01T12:41:47.740Z\",\"updated_at\":\"2025-04-01T12:41:47.740Z\"},{\"id\":6,\"first_name\":\"Gimli\",\"last_name\":\"Son of Glóin\",\"property_address\":\"Glittering Caves\",\"property_city\":\"Helm’s Deep\",\"property_state\":\"NY\",\"property_zip\":\"33333\",\"offer\":\"450000.00\",\"created_at\":\"2025-04-01T12:41:47.740Z\",\"updated_at\":\"2025-04-01T12:41:47.740Z\"},{\"id\":7,\"first_name\":\"Saruman\",\"last_name\":\"The White\",\"property_address\":\"Orthanc Tower\",\"property_city\":\"Isengard\",\"property_state\":\"NY\",\"property_zip\":\"44444\",\"offer\":\"666666.00\",\"created_at\":\"2025-04-01T12:41:47.740Z\",\"updated_at\":\"2025-04-01T12:41:47.740Z\"}],\"count\":7,\"totalPages\":1,\"currentPage\":1}","timestamp":"2025-04-01T12:44:32.149Z"}
{"level":"info","message":"[PropertyController] Transformed to camelCase: {\"rows\":[{\"id\":1,\"firstName\":\"Sauron\",\"lastName\":\"The Dark Lord\",\"propertyAddress\":\"Barad-dûr\",\"propertyCity\":\"Mordor\",\"propertyState\":\"HI\",\"propertyZip\":\"66666\",\"offer\":\"9999999.00\",\"createdAt\":\"2025-04-01T12:41:47.740Z\",\"updatedAt\":\"2025-04-01T12:41:47.740Z\"},{\"id\":2,\"firstName\":\"Frodo\",\"lastName\":\"Baggins\",\"propertyAddress\":\"Bag End\",\"propertyCity\":\"The Shire\",\"propertyState\":\"NY\",\"propertyZip\":\"12345\",\"offer\":\"500.00\",\"createdAt\":\"2025-04-01T12:41:47.740Z\",\"updatedAt\":\"2025-04-01T12:41:47.740Z\"},{\"id\":3,\"firstName\":\"Aragorn\",\"lastName\":\"Son of Arathorn\",\"propertyAddress\":\"The Citadel\",\"propertyCity\":\"Minas Tirith\",\"propertyState\":\"NY\",\"propertyZip\":\"56789\",\"offer\":\"750000.00\",\"createdAt\":\"2025-04-01T12:41:47.740Z\",\"updatedAt\":\"2025-04-01T12:41:47.740Z\"},{\"id\":4,\"firstName\":\"Gandalf\",\"lastName\":\"The Grey\",\"propertyAddress\":\"Orthanc Tower\",\"propertyCity\":\"Isengard\",\"propertyState\":\"NY\",\"propertyZip\":\"11111\",\"offer\":\"1000000.00\",\"createdAt\":\"2025-04-01T12:41:47.740Z\",\"updatedAt\":\"2025-04-01T12:41:47.740Z\"},{\"id\":5,\"firstName\":\"Legolas\",\"lastName\":\"Greenleaf\",\"propertyAddress\":\"Thranduil’s Halls\",\"propertyCity\":\"Mirkwood\",\"propertyState\":\"NY\",\"propertyZip\":\"22222\",\"offer\":\"350000.00\",\"createdAt\":\"2025-04-01T12:41:47.740Z\",\"updatedAt\":\"2025-04-01T12:41:47.740Z\"},{\"id\":6,\"firstName\":\"Gimli\",\"lastName\":\"Son of Glóin\",\"propertyAddress\":\"Glittering Caves\",\"propertyCity\":\"Helm’s Deep\",\"propertyState\":\"NY\",\"propertyZip\":\"33333\",\"offer\":\"450000.00\",\"createdAt\":\"2025-04-01T12:41:47.740Z\",\"updatedAt\":\"2025-04-01T12:41:47.740Z\"},{\"id\":7,\"firstName\":\"Saruman\",\"lastName\":\"The White\",\"propertyAddress\":\"Orthanc Tower\",\"propertyCity\":\"Isengard\",\"propertyState\":\"NY\",\"propertyZip\":\"44444\",\"offer\":\"666666.00\",\"createdAt\":\"2025-04-01T12:41:47.740Z\",\"updatedAt\":\"2025-04-01T12:41:47.740Z\"}],\"count\":7,\"totalPages\":1,\"currentPage\":1}","timestamp":"2025-04-01T12:44:32.151Z"}
{"level":"info","message":"GET /api/properties/search?q=mi&limit=10","timestamp":"2025-04-01T12:44:37.880Z"}
{"level":"info","message":"[PropertyController] Search results transformed to camelCase: [{\"id\":3,\"firstName\":\"Aragorn\",\"lastName\":\"Son of Arathorn\",\"propertyAddress\":\"The Citadel\",\"propertyCity\":\"Minas Tirith\",\"propertyState\":\"NY\",\"propertyZip\":\"56789\",\"offer\":\"750000.00\",\"createdAt\":\"2025-04-01T12:41:47.740Z\",\"updatedAt\":\"2025-04-01T12:41:47.740Z\"},{\"id\":5,\"firstName\":\"Legolas\",\"lastName\":\"Greenleaf\",\"propertyAddress\":\"Thranduil’s Halls\",\"propertyCity\":\"Mirkwood\",\"propertyState\":\"NY\",\"propertyZip\":\"22222\",\"offer\":\"350000.00\",\"createdAt\":\"2025-04-01T12:41:47.740Z\",\"updatedAt\":\"2025-04-01T12:41:47.740Z\"}]","timestamp":"2025-04-01T12:44:37.909Z"}
{"level":"info","message":"GET /api/properties/search?q=min&limit=10","timestamp":"2025-04-01T12:44:38.067Z"}
{"level":"info","message":"[PropertyController] Search results transformed to camelCase: [{\"id\":3,\"firstName\":\"Aragorn\",\"lastName\":\"Son of Arathorn\",\"propertyAddress\":\"The Citadel\",\"propertyCity\":\"Minas Tirith\",\"propertyState\":\"NY\",\"propertyZip\":\"56789\",\"offer\":\"750000.00\",\"createdAt\":\"2025-04-01T12:41:47.740Z\",\"updatedAt\":\"2025-04-01T12:41:47.740Z\"}]","timestamp":"2025-04-01T12:44:38.090Z"}
{"level":"info","message":"GET /api/properties/search?q=mina&limit=10","timestamp":"2025-04-01T12:44:38.233Z"}
{"level":"info","message":"[PropertyController] Search results transformed to camelCase: [{\"id\":3,\"firstName\":\"Aragorn\",\"lastName\":\"Son of Arathorn\",\"propertyAddress\":\"The Citadel\",\"propertyCity\":\"Minas Tirith\",\"propertyState\":\"NY\",\"propertyZip\":\"56789\",\"offer\":\"750000.00\",\"createdAt\":\"2025-04-01T12:41:47.740Z\",\"updatedAt\":\"2025-04-01T12:41:47.740Z\"}]","timestamp":"2025-04-01T12:44:38.245Z"}
{"level":"info","message":"GET /api/properties/search?q=minas&limit=10","timestamp":"2025-04-01T12:44:38.448Z"}
{"level":"info","message":"[PropertyController] Search results transformed to camelCase: [{\"id\":3,\"firstName\":\"Aragorn\",\"lastName\":\"Son of Arathorn\",\"propertyAddress\":\"The Citadel\",\"propertyCity\":\"Minas Tirith\",\"propertyState\":\"NY\",\"propertyZip\":\"56789\",\"offer\":\"750000.00\",\"createdAt\":\"2025-04-01T12:41:47.740Z\",\"updatedAt\":\"2025-04-01T12:41:47.740Z\"}]","timestamp":"2025-04-01T12:44:38.459Z"}
{"level":"info","message":"GET /api/stats/system","timestamp":"2025-04-01T12:44:40.807Z"}
{"level":"info","message":"GET /api/properties?page=1&limit=20","timestamp":"2025-04-01T12:46:16.850Z"}
{"level":"info","message":"Property model initialized with: {\"id\":{\"type\":{\"options\":{}},\"autoIncrement\":true,\"primaryKey\":true,\"fieldName\":\"id\",\"_modelAttribute\":true,\"field\":\"id\"},\"first_name\":{\"type\":{\"options\":{\"length\":100},\"_length\":100},\"allowNull\":true,\"fieldName\":\"first_name\",\"_modelAttribute\":true,\"field\":\"first_name\"},\"last_name\":{\"type\":{\"options\":{\"length\":100},\"_length\":100},\"allowNull\":true,\"fieldName\":\"last_name\",\"_modelAttribute\":true,\"field\":\"last_name\"},\"property_address\":{\"type\":{\"options\":{\"length\":255},\"_length\":255},\"allowNull\":false,\"validate\":{\"notEmpty\":true},\"fieldName\":\"property_address\",\"_modelAttribute\":true,\"field\":\"property_address\"},\"property_city\":{\"type\":{\"options\":{\"length\":100},\"_length\":100},\"allowNull\":false,\"validate\":{\"notEmpty\":true},\"fieldName\":\"property_city\",\"_modelAttribute\":true,\"field\":\"property_city\"},\"property_state\":{\"type\":{\"options\":{\"length\":2},\"_length\":2},\"allowNull\":false,\"validate\":{\"notEmpty\":true,\"isUppercase\":true,\"isIn\":[[\"AL\",\"AK\",\"AZ\",\"AR\",\"CA\",\"CO\",\"CT\",\"DE\",\"FL\",\"GA\",\"HI\",\"ID\",\"IL\",\"IN\",\"IA\",\"KS\",\"KY\",\"LA\",\"ME\",\"MD\",\"MA\",\"MI\",\"MN\",\"MS\",\"MO\",\"MT\",\"NE\",\"NV\",\"NH\",\"NJ\",\"NM\",\"NY\",\"NC\",\"ND\",\"OH\",\"OK\",\"OR\",\"PA\",\"RI\",\"SC\",\"SD\",\"TN\",\"TX\",\"UT\",\"VT\",\"VA\",\"WA\",\"WV\",\"WI\",\"WY\",\"DC\",\"PR\",\"VI\",\"AA\",\"AE\",\"AP\"]]},\"fieldName\":\"property_state\",\"_modelAttribute\":true,\"field\":\"property_state\"},\"property_zip\":{\"type\":{\"options\":{\"length\":10},\"_length\":10},\"allowNull\":false,\"validate\":{\"notEmpty\":true,\"is\":{}},\"fieldName\":\"property_zip\",\"_modelAttribute\":true,\"field\":\"property_zip\"},\"offer\":{\"type\":{\"options\":{\"precision\":12,\"scale\":2},\"_precision\":12,\"_scale\":2},\"allowNull\":false,\"validate\":{\"isDecimal\":true,\"min\":0},\"fieldName\":\"offer\",\"_modelAttribute\":true,\"field\":\"offer\"},\"created_at\":{\"type\":{\"options\":{},\"_length\":\"\"},\"allowNull\":false,\"defaultValue\":{},\"fieldName\":\"created_at\",\"_modelAttribute\":true,\"field\":\"created_at\"},\"updated_at\":{\"type\":{\"options\":{},\"_length\":\"\"},\"allowNull\":false,\"defaultValue\":{},\"fieldName\":\"updated_at\",\"_modelAttribute\":true,\"field\":\"updated_at\"}}","timestamp":"2025-04-01T12:58:28.265Z"}
{"level":"info","message":"Server running on port 3001","timestamp":"2025-04-01T12:58:30.228Z"}
{"level":"info","message":"Connected to Redis","timestamp":"2025-04-01T12:58:30.250Z"}
{"level":"info","message":"Database connection has been established successfully.","timestamp":"2025-04-01T12:58:30.512Z"}
{"level":"info","message":"GET /","timestamp":"2025-04-01T12:58:37.032Z"}
{"level":"info","message":"GET /static/js/main.bd91ecde.js","timestamp":"2025-04-01T12:58:37.260Z"}
{"level":"info","message":"GET /static/css/main.e6c13ad2.css","timestamp":"2025-04-01T12:58:37.280Z"}
{"level":"info","message":"GET /api/properties?page=1&limit=20","timestamp":"2025-04-01T12:58:38.203Z"}
{"level":"info","message":"GET /favicon.png","timestamp":"2025-04-01T12:58:38.395Z"}
{"level":"info","message":"[PropertyController] getAllProperties result: {\"rows\":[{\"id\":1,\"first_name\":\"Sauron\",\"last_name\":\"The Dark Lord\",\"property_address\":\"Barad-dûr\",\"property_city\":\"Mordor\",\"property_state\":\"HI\",\"property_zip\":\"66666\",\"offer\":\"9999999.00\",\"created_at\":\"2025-04-01T12:41:47.740Z\",\"updated_at\":\"2025-04-01T12:41:47.740Z\"},{\"id\":2,\"first_name\":\"Frodo\",\"last_name\":\"Baggins\",\"property_address\":\"Bag End\",\"property_city\":\"The Shire\",\"property_state\":\"NY\",\"property_zip\":\"12345\",\"offer\":\"500.00\",\"created_at\":\"2025-04-01T12:41:47.740Z\",\"updated_at\":\"2025-04-01T12:41:47.740Z\"},{\"id\":3,\"first_name\":\"Aragorn\",\"last_name\":\"Son of Arathorn\",\"property_address\":\"The Citadel\",\"property_city\":\"Minas Tirith\",\"property_state\":\"NY\",\"property_zip\":\"56789\",\"offer\":\"750000.00\",\"created_at\":\"2025-04-01T12:41:47.740Z\",\"updated_at\":\"2025-04-01T12:41:47.740Z\"},{\"id\":4,\"first_name\":\"Gandalf\",\"last_name\":\"The Grey\",\"property_address\":\"Orthanc Tower\",\"property_city\":\"Isengard\",\"property_state\":\"NY\",\"property_zip\":\"11111\",\"offer\":\"1000000.00\",\"created_at\":\"2025-04-01T12:41:47.740Z\",\"updated_at\":\"2025-04-01T12:41:47.740Z\"},{\"id\":5,\"first_name\":\"Legolas\",\"last_name\":\"Greenleaf\",\"property_address\":\"Thranduil’s Halls\",\"property_city\":\"Mirkwood\",\"property_state\":\"NY\",\"property_zip\":\"22222\",\"offer\":\"350000.00\",\"created_at\":\"2025-04-01T12:41:47.740Z\",\"updated_at\":\"2025-04-01T12:41:47.740Z\"},{\"id\":6,\"first_name\":\"Gimli\",\"last_name\":\"Son of Glóin\",\"property_address\":\"Glittering Caves\",\"property_city\":\"Helm’s Deep\",\"property_state\":\"NY\",\"property_zip\":\"33333\",\"offer\":\"450000.00\",\"created_at\":\"2025-04-01T12:41:47.740Z\",\"updated_at\":\"2025-04-01T12:41:47.740Z\"},{\"id\":7,\"first_name\":\"Saruman\",\"last_name\":\"The White\",\"property_address\":\"Orthanc Tower\",\"property_city\":\"Isengard\",\"property_state\":\"NY\",\"property_zip\":\"44444\",\"offer\":\"666666.00\",\"created_at\":\"2025-04-01T12:41:47.740Z\",\"updated_at\":\"2025-04-01T12:41:47.740Z\"}],\"count\":7,\"totalPages\":1,\"currentPage\":1}","timestamp":"2025-04-01T12:58:38.484Z"}
{"level":"info","message":"[PropertyController] Transformed to camelCase: {\"rows\":[{\"id\":1,\"firstName\":\"Sauron\",\"lastName\":\"The Dark Lord\",\"propertyAddress\":\"Barad-dûr\",\"propertyCity\":\"Mordor\",\"propertyState\":\"HI\",\"propertyZip\":\"66666\",\"offer\":\"9999999.00\",\"createdAt\":\"2025-04-01T12:41:47.740Z\",\"updatedAt\":\"2025-04-01T12:41:47.740Z\"},{\"id\":2,\"firstName\":\"Frodo\",\"lastName\":\"Baggins\",\"propertyAddress\":\"Bag End\",\"propertyCity\":\"The Shire\",\"propertyState\":\"NY\",\"propertyZip\":\"12345\",\"offer\":\"500.00\",\"createdAt\":\"2025-04-01T12:41:47.740Z\",\"updatedAt\":\"2025-04-01T12:41:47.740Z\"},{\"id\":3,\"firstName\":\"Aragorn\",\"lastName\":\"Son of Arathorn\",\"propertyAddress\":\"The Citadel\",\"propertyCity\":\"Minas Tirith\",\"propertyState\":\"NY\",\"propertyZip\":\"56789\",\"offer\":\"750000.00\",\"createdAt\":\"2025-04-01T12:41:47.740Z\",\"updatedAt\":\"2025-04-01T12:41:47.740Z\"},{\"id\":4,\"firstName\":\"Gandalf\",\"lastName\":\"The Grey\",\"propertyAddress\":\"Orthanc Tower\",\"propertyCity\":\"Isengard\",\"propertyState\":\"NY\",\"propertyZip\":\"11111\",\"offer\":\"1000000.00\",\"createdAt\":\"2025-04-01T12:41:47.740Z\",\"updatedAt\":\"2025-04-01T12:41:47.740Z\"},{\"id\":5,\"firstName\":\"Legolas\",\"lastName\":\"Greenleaf\",\"propertyAddress\":\"Thranduil’s Halls\",\"propertyCity\":\"Mirkwood\",\"propertyState\":\"NY\",\"propertyZip\":\"22222\",\"offer\":\"350000.00\",\"createdAt\":\"2025-04-01T12:41:47.740Z\",\"updatedAt\":\"2025-04-01T12:41:47.740Z\"},{\"id\":6,\"firstName\":\"Gimli\",\"lastName\":\"Son of Glóin\",\"propertyAddress\":\"Glittering Caves\",\"propertyCity\":\"Helm’s Deep\",\"propertyState\":\"NY\",\"propertyZip\":\"33333\",\"offer\":\"450000.00\",\"createdAt\":\"2025-04-01T12:41:47.740Z\",\"updatedAt\":\"2025-04-01T12:41:47.740Z\"},{\"id\":7,\"firstName\":\"Saruman\",\"lastName\":\"The White\",\"propertyAddress\":\"Orthanc Tower\",\"propertyCity\":\"Isengard\",\"propertyState\":\"NY\",\"propertyZip\":\"44444\",\"offer\":\"666666.00\",\"createdAt\":\"2025-04-01T12:41:47.740Z\",\"updatedAt\":\"2025-04-01T12:41:47.740Z\"}],\"count\":7,\"totalPages\":1,\"currentPage\":1}","timestamp":"2025-04-01T12:58:38.486Z"}
{"level":"info","message":"GET /","timestamp":"2025-04-01T13:00:19.760Z"}
{"level":"info","message":"GET /static/js/main.bd91ecde.js","timestamp":"2025-04-01T13:00:20.110Z"}
{"level":"info","message":"GET /static/css/main.e6c13ad2.css","timestamp":"2025-04-01T13:00:20.123Z"}
{"level":"info","message":"GET /api/properties?page=1&limit=20","timestamp":"2025-04-01T13:00:20.772Z"}
{"level":"info","message":"GET /favicon.png","timestamp":"2025-04-01T13:00:21.073Z"}
{"level":"info","message":"GET /api/properties?page=1&limit=20","timestamp":"2025-04-01T13:00:31.158Z"}
{"level":"info","message":"GET /api/stats/system","timestamp":"2025-04-01T13:00:43.153Z"}
{"level":"info","message":"GET /favicon.png","timestamp":"2025-04-01T13:00:43.166Z"}
{"level":"info","message":"GET /api/properties?page=1&limit=20","timestamp":"2025-04-01T13:00:45.557Z"}
{"level":"info","message":"GET /favicon.png","timestamp":"2025-04-01T13:00:45.563Z"}
{"level":"info","message":"GET /search","timestamp":"2025-04-01T13:01:22.702Z"}
{"level":"info","message":"GET /static/js/main.bd91ecde.js","timestamp":"2025-04-01T13:01:22.876Z"}
{"level":"info","message":"GET /static/css/main.e6c13ad2.css","timestamp":"2025-04-01T13:01:22.895Z"}
{"level":"info","message":"GET /api/properties?page=1&limit=20","timestamp":"2025-04-01T13:01:23.102Z"}
{"level":"info","message":"GET /favicon.png","timestamp":"2025-04-01T13:01:23.327Z"}
{"level":"info","message":"Property model initialized with: {\"id\":{\"type\":{\"options\":{}},\"autoIncrement\":true,\"primaryKey\":true,\"fieldName\":\"id\",\"_modelAttribute\":true,\"field\":\"id\"},\"first_name\":{\"type\":{\"options\":{\"length\":100},\"_length\":100},\"allowNull\":true,\"fieldName\":\"first_name\",\"_modelAttribute\":true,\"field\":\"first_name\"},\"last_name\":{\"type\":{\"options\":{\"length\":100},\"_length\":100},\"allowNull\":true,\"fieldName\":\"last_name\",\"_modelAttribute\":true,\"field\":\"last_name\"},\"property_address\":{\"type\":{\"options\":{\"length\":255},\"_length\":255},\"allowNull\":false,\"validate\":{\"notEmpty\":true},\"fieldName\":\"property_address\",\"_modelAttribute\":true,\"field\":\"property_address\"},\"property_city\":{\"type\":{\"options\":{\"length\":100},\"_length\":100},\"allowNull\":false,\"validate\":{\"notEmpty\":true},\"fieldName\":\"property_city\",\"_modelAttribute\":true,\"field\":\"property_city\"},\"property_state\":{\"type\":{\"options\":{\"length\":2},\"_length\":2},\"allowNull\":false,\"validate\":{\"notEmpty\":true,\"isUppercase\":true,\"isIn\":[[\"AL\",\"AK\",\"AZ\",\"AR\",\"CA\",\"CO\",\"CT\",\"DE\",\"FL\",\"GA\",\"HI\",\"ID\",\"IL\",\"IN\",\"IA\",\"KS\",\"KY\",\"LA\",\"ME\",\"MD\",\"MA\",\"MI\",\"MN\",\"MS\",\"MO\",\"MT\",\"NE\",\"NV\",\"NH\",\"NJ\",\"NM\",\"NY\",\"NC\",\"ND\",\"OH\",\"OK\",\"OR\",\"PA\",\"RI\",\"SC\",\"SD\",\"TN\",\"TX\",\"UT\",\"VT\",\"VA\",\"WA\",\"WV\",\"WI\",\"WY\",\"DC\",\"PR\",\"VI\",\"AA\",\"AE\",\"AP\"]]},\"fieldName\":\"property_state\",\"_modelAttribute\":true,\"field\":\"property_state\"},\"property_zip\":{\"type\":{\"options\":{\"length\":10},\"_length\":10},\"allowNull\":false,\"validate\":{\"notEmpty\":true,\"is\":{}},\"fieldName\":\"property_zip\",\"_modelAttribute\":true,\"field\":\"property_zip\"},\"offer\":{\"type\":{\"options\":{\"precision\":12,\"scale\":2},\"_precision\":12,\"_scale\":2},\"allowNull\":false,\"validate\":{\"isDecimal\":true,\"min\":0},\"fieldName\":\"offer\",\"_modelAttribute\":true,\"field\":\"offer\"},\"created_at\":{\"type\":{\"options\":{},\"_length\":\"\"},\"allowNull\":false,\"defaultValue\":{},\"fieldName\":\"created_at\",\"_modelAttribute\":true,\"field\":\"created_at\"},\"updated_at\":{\"type\":{\"options\":{},\"_length\":\"\"},\"allowNull\":false,\"defaultValue\":{},\"fieldName\":\"updated_at\",\"_modelAttribute\":true,\"field\":\"updated_at\"}}","timestamp":"2025-04-01T13:06:18.558Z"}
{"level":"info","message":"Server running on port 3001","timestamp":"2025-04-01T13:06:19.236Z"}
{"level":"info","message":"Connected to Redis","timestamp":"2025-04-01T13:06:19.249Z"}
{"level":"info","message":"Database connection has been established successfully.","timestamp":"2025-04-01T13:06:19.326Z"}
{"level":"info","message":"GET /search","timestamp":"2025-04-01T13:07:32.476Z"}
{"level":"info","message":"GET /static/js/main.bd91ecde.js","timestamp":"2025-04-01T13:07:32.655Z"}
{"level":"info","message":"GET /static/css/main.e6c13ad2.css","timestamp":"2025-04-01T13:07:32.668Z"}
{"level":"info","message":"GET /api/properties?page=1&limit=20","timestamp":"2025-04-01T13:07:33.090Z"}
{"level":"info","message":"[PropertyController] getAllProperties result: {\"rows\":[{\"id\":1,\"first_name\":\"Sauron\",\"last_name\":\"The Dark Lord\",\"property_address\":\"Barad-dûr\",\"property_city\":\"Mordor\",\"property_state\":\"HI\",\"property_zip\":\"66666\",\"offer\":\"9999999.00\",\"created_at\":\"2025-04-01T12:41:47.740Z\",\"updated_at\":\"2025-04-01T12:41:47.740Z\"},{\"id\":2,\"first_name\":\"Frodo\",\"last_name\":\"Baggins\",\"property_address\":\"Bag End\",\"property_city\":\"The Shire\",\"property_state\":\"NY\",\"property_zip\":\"12345\",\"offer\":\"500.00\",\"created_at\":\"2025-04-01T12:41:47.740Z\",\"updated_at\":\"2025-04-01T12:41:47.740Z\"},{\"id\":3,\"first_name\":\"Aragorn\",\"last_name\":\"Son of Arathorn\",\"property_address\":\"The Citadel\",\"property_city\":\"Minas Tirith\",\"property_state\":\"NY\",\"property_zip\":\"56789\",\"offer\":\"750000.00\",\"created_at\":\"2025-04-01T12:41:47.740Z\",\"updated_at\":\"2025-04-01T12:41:47.740Z\"},{\"id\":4,\"first_name\":\"Gandalf\",\"last_name\":\"The Grey\",\"property_address\":\"Orthanc Tower\",\"property_city\":\"Isengard\",\"property_state\":\"NY\",\"property_zip\":\"11111\",\"offer\":\"1000000.00\",\"created_at\":\"2025-04-01T12:41:47.740Z\",\"updated_at\":\"2025-04-01T12:41:47.740Z\"},{\"id\":5,\"first_name\":\"Legolas\",\"last_name\":\"Greenleaf\",\"property_address\":\"Thranduil’s Halls\",\"property_city\":\"Mirkwood\",\"property_state\":\"NY\",\"property_zip\":\"22222\",\"offer\":\"350000.00\",\"created_at\":\"2025-04-01T12:41:47.740Z\",\"updated_at\":\"2025-04-01T12:41:47.740Z\"},{\"id\":6,\"first_name\":\"Gimli\",\"last_name\":\"Son of Glóin\",\"property_address\":\"Glittering Caves\",\"property_city\":\"Helm’s Deep\",\"property_state\":\"NY\",\"property_zip\":\"33333\",\"offer\":\"450000.00\",\"created_at\":\"2025-04-01T12:41:47.740Z\",\"updated_at\":\"2025-04-01T12:41:47.740Z\"},{\"id\":7,\"first_name\":\"Saruman\",\"last_name\":\"The White\",\"property_address\":\"Orthanc Tower\",\"property_city\":\"Isengard\",\"property_state\":\"NY\",\"property_zip\":\"44444\",\"offer\":\"666666.00\",\"created_at\":\"2025-04-01T12:41:47.740Z\",\"updated_at\":\"2025-04-01T12:41:47.740Z\"}],\"count\":7,\"totalPages\":1,\"currentPage\":1}","timestamp":"2025-04-01T13:07:33.131Z"}
{"level":"info","message":"[PropertyController] Transformed to camelCase: {\"rows\":[{\"id\":1,\"firstName\":\"Sauron\",\"lastName\":\"The Dark Lord\",\"propertyAddress\":\"Barad-dûr\",\"propertyCity\":\"Mordor\",\"propertyState\":\"HI\",\"propertyZip\":\"66666\",\"offer\":\"9999999.00\",\"createdAt\":\"2025-04-01T12:41:47.740Z\",\"updatedAt\":\"2025-04-01T12:41:47.740Z\"},{\"id\":2,\"firstName\":\"Frodo\",\"lastName\":\"Baggins\",\"propertyAddress\":\"Bag End\",\"propertyCity\":\"The Shire\",\"propertyState\":\"NY\",\"propertyZip\":\"12345\",\"offer\":\"500.00\",\"createdAt\":\"2025-04-01T12:41:47.740Z\",\"updatedAt\":\"2025-04-01T12:41:47.740Z\"},{\"id\":3,\"firstName\":\"Aragorn\",\"lastName\":\"Son of Arathorn\",\"propertyAddress\":\"The Citadel\",\"propertyCity\":\"Minas Tirith\",\"propertyState\":\"NY\",\"propertyZip\":\"56789\",\"offer\":\"750000.00\",\"createdAt\":\"2025-04-01T12:41:47.740Z\",\"updatedAt\":\"2025-04-01T12:41:47.740Z\"},{\"id\":4,\"firstName\":\"Gandalf\",\"lastName\":\"The Grey\",\"propertyAddress\":\"Orthanc Tower\",\"propertyCity\":\"Isengard\",\"propertyState\":\"NY\",\"propertyZip\":\"11111\",\"offer\":\"1000000.00\",\"createdAt\":\"2025-04-01T12:41:47.740Z\",\"updatedAt\":\"2025-04-01T12:41:47.740Z\"},{\"id\":5,\"firstName\":\"Legolas\",\"lastName\":\"Greenleaf\",\"propertyAddress\":\"Thranduil’s Halls\",\"propertyCity\":\"Mirkwood\",\"propertyState\":\"NY\",\"propertyZip\":\"22222\",\"offer\":\"350000.00\",\"createdAt\":\"2025-04-01T12:41:47.740Z\",\"updatedAt\":\"2025-04-01T12:41:47.740Z\"},{\"id\":6,\"firstName\":\"Gimli\",\"lastName\":\"Son of Glóin\",\"propertyAddress\":\"Glittering Caves\",\"propertyCity\":\"Helm’s Deep\",\"propertyState\":\"NY\",\"propertyZip\":\"33333\",\"offer\":\"450000.00\",\"createdAt\":\"2025-04-01T12:41:47.740Z\",\"updatedAt\":\"2025-04-01T12:41:47.740Z\"},{\"id\":7,\"firstName\":\"Saruman\",\"lastName\":\"The White\",\"propertyAddress\":\"Orthanc Tower\",\"propertyCity\":\"Isengard\",\"propertyState\":\"NY\",\"propertyZip\":\"44444\",\"offer\":\"666666.00\",\"createdAt\":\"2025-04-01T12:41:47.740Z\",\"updatedAt\":\"2025-04-01T12:41:47.740Z\"}],\"count\":7,\"totalPages\":1,\"currentPage\":1}","timestamp":"2025-04-01T13:07:33.134Z"}
{"level":"info","message":"GET /favicon.png","timestamp":"2025-04-01T13:07:33.591Z"}
{"level":"info","message":"GET /favicon.png","timestamp":"2025-04-01T13:08:22.360Z"}
{"level":"info","message":"Property model initialized with: {\"id\":{\"type\":{\"options\":{}},\"autoIncrement\":true,\"primaryKey\":true,\"fieldName\":\"id\",\"_modelAttribute\":true,\"field\":\"id\"},\"first_name\":{\"type\":{\"options\":{\"length\":100},\"_length\":100},\"allowNull\":true,\"fieldName\":\"first_name\",\"_modelAttribute\":true,\"field\":\"first_name\"},\"last_name\":{\"type\":{\"options\":{\"length\":100},\"_length\":100},\"allowNull\":true,\"fieldName\":\"last_name\",\"_modelAttribute\":true,\"field\":\"last_name\"},\"property_address\":{\"type\":{\"options\":{\"length\":255},\"_length\":255},\"allowNull\":false,\"validate\":{\"notEmpty\":true},\"fieldName\":\"property_address\",\"_modelAttribute\":true,\"field\":\"property_address\"},\"property_city\":{\"type\":{\"options\":{\"length\":100},\"_length\":100},\"allowNull\":false,\"validate\":{\"notEmpty\":true},\"fieldName\":\"property_city\",\"_modelAttribute\":true,\"field\":\"property_city\"},\"property_state\":{\"type\":{\"options\":{\"length\":2},\"_length\":2},\"allowNull\":false,\"validate\":{\"notEmpty\":true,\"isUppercase\":true,\"isIn\":[[\"AL\",\"AK\",\"AZ\",\"AR\",\"CA\",\"CO\",\"CT\",\"DE\",\"FL\",\"GA\",\"HI\",\"ID\",\"IL\",\"IN\",\"IA\",\"KS\",\"KY\",\"LA\",\"ME\",\"MD\",\"MA\",\"MI\",\"MN\",\"MS\",\"MO\",\"MT\",\"NE\",\"NV\",\"NH\",\"NJ\",\"NM\",\"NY\",\"NC\",\"ND\",\"OH\",\"OK\",\"OR\",\"PA\",\"RI\",\"SC\",\"SD\",\"TN\",\"TX\",\"UT\",\"VT\",\"VA\",\"WA\",\"WV\",\"WI\",\"WY\",\"DC\",\"PR\",\"VI\",\"AA\",\"AE\",\"AP\"]]},\"fieldName\":\"property_state\",\"_modelAttribute\":true,\"field\":\"property_state\"},\"property_zip\":{\"type\":{\"options\":{\"length\":10},\"_length\":10},\"allowNull\":false,\"validate\":{\"notEmpty\":true,\"is\":{}},\"fieldName\":\"property_zip\",\"_modelAttribute\":true,\"field\":\"property_zip\"},\"offer\":{\"type\":{\"options\":{\"precision\":12,\"scale\":2},\"_precision\":12,\"_scale\":2},\"allowNull\":false,\"validate\":{\"isDecimal\":true,\"min\":0},\"fieldName\":\"offer\",\"_modelAttribute\":true,\"field\":\"offer\"},\"created_at\":{\"type\":{\"options\":{},\"_length\":\"\"},\"allowNull\":false,\"defaultValue\":{},\"fieldName\":\"created_at\",\"_modelAttribute\":true,\"field\":\"created_at\"},\"updated_at\":{\"type\":{\"options\":{},\"_length\":\"\"},\"allowNull\":false,\"defaultValue\":{},\"fieldName\":\"updated_at\",\"_modelAttribute\":true,\"field\":\"updated_at\"}}","timestamp":"2025-04-01T21:32:35.714Z"}
{"level":"info","message":"Server running on port 3001","timestamp":"2025-04-01T21:32:36.508Z"}
{"level":"info","message":"Connected to Redis","timestamp":"2025-04-01T21:32:36.524Z"}
{"level":"info","message":"Database connection has been established successfully.","timestamp":"2025-04-01T21:32:36.630Z"}
{"level":"info","message":"GET /","timestamp":"2025-04-01T21:33:10.558Z"}
{"level":"info","message":"GET /static/js/main.f8cf641a.js","timestamp":"2025-04-01T21:33:10.762Z"}
{"level":"info","message":"GET /static/css/main.e6c13ad2.css","timestamp":"2025-04-01T21:33:10.780Z"}
{"level":"info","message":"GET /api/properties?page=1&limit=20","timestamp":"2025-04-01T21:33:11.424Z"}
{"level":"info","message":"[PropertyController] getAllProperties result: {\"rows\":[{\"id\":1,\"first_name\":\"Sauron\",\"last_name\":\"The Dark Lord\",\"property_address\":\"Barad-dûr\",\"property_city\":\"Mordor\",\"property_state\":\"HI\",\"property_zip\":\"66666\",\"offer\":\"9999999.00\",\"created_at\":\"2025-04-01T12:41:47.740Z\",\"updated_at\":\"2025-04-01T12:41:47.740Z\"},{\"id\":2,\"first_name\":\"Frodo\",\"last_name\":\"Baggins\",\"property_address\":\"Bag End\",\"property_city\":\"The Shire\",\"property_state\":\"NY\",\"property_zip\":\"12345\",\"offer\":\"500.00\",\"created_at\":\"2025-04-01T12:41:47.740Z\",\"updated_at\":\"2025-04-01T12:41:47.740Z\"},{\"id\":3,\"first_name\":\"Aragorn\",\"last_name\":\"Son of Arathorn\",\"property_address\":\"The Citadel\",\"property_city\":\"Minas Tirith\",\"property_state\":\"NY\",\"property_zip\":\"56789\",\"offer\":\"750000.00\",\"created_at\":\"2025-04-01T12:41:47.740Z\",\"updated_at\":\"2025-04-01T12:41:47.740Z\"},{\"id\":4,\"first_name\":\"Gandalf\",\"last_name\":\"The Grey\",\"property_address\":\"Orthanc Tower\",\"property_city\":\"Isengard\",\"property_state\":\"NY\",\"property_zip\":\"11111\",\"offer\":\"1000000.00\",\"created_at\":\"2025-04-01T12:41:47.740Z\",\"updated_at\":\"2025-04-01T12:41:47.740Z\"},{\"id\":5,\"first_name\":\"Legolas\",\"last_name\":\"Greenleaf\",\"property_address\":\"Thranduil’s Halls\",\"property_city\":\"Mirkwood\",\"property_state\":\"NY\",\"property_zip\":\"22222\",\"offer\":\"350000.00\",\"created_at\":\"2025-04-01T12:41:47.740Z\",\"updated_at\":\"2025-04-01T12:41:47.740Z\"},{\"id\":6,\"first_name\":\"Gimli\",\"last_name\":\"Son of Glóin\",\"property_address\":\"Glittering Caves\",\"property_city\":\"Helm’s Deep\",\"property_state\":\"NY\",\"property_zip\":\"33333\",\"offer\":\"450000.00\",\"created_at\":\"2025-04-01T12:41:47.740Z\",\"updated_at\":\"2025-04-01T12:41:47.740Z\"},{\"id\":7,\"first_name\":\"Saruman\",\"last_name\":\"The White\",\"property_address\":\"Orthanc Tower\",\"property_city\":\"Isengard\",\"property_state\":\"NY\",\"property_zip\":\"44444\",\"offer\":\"666666.00\",\"created_at\":\"2025-04-01T12:41:47.740Z\",\"updated_at\":\"2025-04-01T12:41:47.740Z\"}],\"count\":7,\"totalPages\":1,\"currentPage\":1}","timestamp":"2025-04-01T21:33:11.459Z"}
{"level":"info","message":"[PropertyController] Transformed to camelCase: {\"rows\":[{\"id\":1,\"firstName\":\"Sauron\",\"lastName\":\"The Dark Lord\",\"propertyAddress\":\"Barad-dûr\",\"propertyCity\":\"Mordor\",\"propertyState\":\"HI\",\"propertyZip\":\"66666\",\"offer\":\"9999999.00\",\"createdAt\":\"2025-04-01T12:41:47.740Z\",\"updatedAt\":\"2025-04-01T12:41:47.740Z\"},{\"id\":2,\"firstName\":\"Frodo\",\"lastName\":\"Baggins\",\"propertyAddress\":\"Bag End\",\"propertyCity\":\"The Shire\",\"propertyState\":\"NY\",\"propertyZip\":\"12345\",\"offer\":\"500.00\",\"createdAt\":\"2025-04-01T12:41:47.740Z\",\"updatedAt\":\"2025-04-01T12:41:47.740Z\"},{\"id\":3,\"firstName\":\"Aragorn\",\"lastName\":\"Son of Arathorn\",\"propertyAddress\":\"The Citadel\",\"propertyCity\":\"Minas Tirith\",\"propertyState\":\"NY\",\"propertyZip\":\"56789\",\"offer\":\"750000.00\",\"createdAt\":\"2025-04-01T12:41:47.740Z\",\"updatedAt\":\"2025-04-01T12:41:47.740Z\"},{\"id\":4,\"firstName\":\"Gandalf\",\"lastName\":\"The Grey\",\"propertyAddress\":\"Orthanc Tower\",\"propertyCity\":\"Isengard\",\"propertyState\":\"NY\",\"propertyZip\":\"11111\",\"offer\":\"1000000.00\",\"createdAt\":\"2025-04-01T12:41:47.740Z\",\"updatedAt\":\"2025-04-01T12:41:47.740Z\"},{\"id\":5,\"firstName\":\"Legolas\",\"lastName\":\"Greenleaf\",\"propertyAddress\":\"Thranduil’s Halls\",\"propertyCity\":\"Mirkwood\",\"propertyState\":\"NY\",\"propertyZip\":\"22222\",\"offer\":\"350000.00\",\"createdAt\":\"2025-04-01T12:41:47.740Z\",\"updatedAt\":\"2025-04-01T12:41:47.740Z\"},{\"id\":6,\"firstName\":\"Gimli\",\"lastName\":\"Son of Glóin\",\"propertyAddress\":\"Glittering Caves\",\"propertyCity\":\"Helm’s Deep\",\"propertyState\":\"NY\",\"propertyZip\":\"33333\",\"offer\":\"450000.00\",\"createdAt\":\"2025-04-01T12:41:47.740Z\",\"updatedAt\":\"2025-04-01T12:41:47.740Z\"},{\"id\":7,\"firstName\":\"Saruman\",\"lastName\":\"The White\",\"propertyAddress\":\"Orthanc Tower\",\"propertyCity\":\"Isengard\",\"propertyState\":\"NY\",\"propertyZip\":\"44444\",\"offer\":\"666666.00\",\"createdAt\":\"2025-04-01T12:41:47.740Z\",\"updatedAt\":\"2025-04-01T12:41:47.740Z\"}],\"count\":7,\"totalPages\":1,\"currentPage\":1}","timestamp":"2025-04-01T21:33:11.463Z"}
{"level":"info","message":"GET /favicon.png","timestamp":"2025-04-01T21:33:11.685Z"}
